// Vitest Snapshot v1

exports[`Indexes > Indexes baseVue demo works fine 1`] = `
<div
  class="component-wrap"
>
  <div
    class="t-indexes"
  >
    <div
      class="t-indexes__sidebar"
    >
      
      <div
        class="t-indexes__sidebar-item"
        data-index="A"
      >
        A 
        <!--v-if-->
      </div>
      <div
        class="t-indexes__sidebar-item"
        data-index="B"
      >
        B 
        <!--v-if-->
      </div>
      <div
        class="t-indexes__sidebar-item"
        data-index="C"
      >
        C 
        <!--v-if-->
      </div>
      <div
        class="t-indexes__sidebar-item"
        data-index="D"
      >
        D 
        <!--v-if-->
      </div>
      <div
        class="t-indexes__sidebar-item"
        data-index="E"
      >
        E 
        <!--v-if-->
      </div>
      <div
        class="t-indexes__sidebar-item"
        data-index="F"
      >
        F 
        <!--v-if-->
      </div>
      <div
        class="t-indexes__sidebar-item"
        data-index="G"
      >
        G 
        <!--v-if-->
      </div>
      <div
        class="t-indexes__sidebar-item"
        data-index="J"
      >
        J 
        <!--v-if-->
      </div>
      <div
        class="t-indexes__sidebar-item"
        data-index="K"
      >
        K 
        <!--v-if-->
      </div>
      
    </div>
    
    
    
    <div
      class="t-indexes-anchor"
      data-index="A"
    >
      <div
        class="t-indexes-anchor__wrapper"
      >
        <div
          class="t-indexes-anchor__slot"
        >
          
          
        </div>
        <div
          class="t-indexes-anchor__header"
        >
          A
        </div>
      </div>
    </div>
    <div>
      <!--v-if-->
      <div
        class="t-cell-group t-cell-group--default"
      >
        
        
        <div
          class="t-cell t-cell--middle"
        >
          <div
            class="t-cell__left"
          >
            <!--v-if-->
            <!---->
          </div>
          <div
            class="t-cell__title"
          >
            阿坝
            <!--v-if-->
            <!--v-if-->
          </div>
          <!--v-if-->
          <!--v-if-->
        </div>
        <div
          class="t-cell t-cell--middle"
        >
          <div
            class="t-cell__left"
          >
            <!--v-if-->
            <!---->
          </div>
          <div
            class="t-cell__title"
          >
            阿拉善
            <!--v-if-->
            <!--v-if-->
          </div>
          <!--v-if-->
          <!--v-if-->
        </div>
        <div
          class="t-cell t-cell--middle"
        >
          <div
            class="t-cell__left"
          >
            <!--v-if-->
            <!---->
          </div>
          <div
            class="t-cell__title"
          >
            阿里
            <!--v-if-->
            <!--v-if-->
          </div>
          <!--v-if-->
          <!--v-if-->
        </div>
        <div
          class="t-cell t-cell--middle"
        >
          <div
            class="t-cell__left"
          >
            <!--v-if-->
            <!---->
          </div>
          <div
            class="t-cell__title"
          >
            安康
            <!--v-if-->
            <!--v-if-->
          </div>
          <!--v-if-->
          <!--v-if-->
        </div>
        <div
          class="t-cell t-cell--middle"
        >
          <div
            class="t-cell__left"
          >
            <!--v-if-->
            <!---->
          </div>
          <div
            class="t-cell__title"
          >
            安庆
            <!--v-if-->
            <!--v-if-->
          </div>
          <!--v-if-->
          <!--v-if-->
        </div>
        <div
          class="t-cell t-cell--middle"
        >
          <div
            class="t-cell__left"
          >
            <!--v-if-->
            <!---->
          </div>
          <div
            class="t-cell__title"
          >
            鞍山
            <!--v-if-->
            <!--v-if-->
          </div>
          <!--v-if-->
          <!--v-if-->
        </div>
        <div
          class="t-cell t-cell--middle"
        >
          <div
            class="t-cell__left"
          >
            <!--v-if-->
            <!---->
          </div>
          <div
            class="t-cell__title"
          >
            安顺
            <!--v-if-->
            <!--v-if-->
          </div>
          <!--v-if-->
          <!--v-if-->
        </div>
        <div
          class="t-cell t-cell--middle"
        >
          <div
            class="t-cell__left"
          >
            <!--v-if-->
            <!---->
          </div>
          <div
            class="t-cell__title"
          >
            安阳
            <!--v-if-->
            <!--v-if-->
          </div>
          <!--v-if-->
          <!--v-if-->
        </div>
        <div
          class="t-cell t-cell--middle"
        >
          <div
            class="t-cell__left"
          >
            <!--v-if-->
            <!---->
          </div>
          <div
            class="t-cell__title"
          >
            澳门
            <!--v-if-->
            <!--v-if-->
          </div>
          <!--v-if-->
          <!--v-if-->
        </div>
        
        
      </div>
    </div>
    
    
    <div
      class="t-indexes-anchor"
      data-index="B"
    >
      <div
        class="t-indexes-anchor__wrapper"
      >
        <div
          class="t-indexes-anchor__slot"
        >
          
          
        </div>
        <div
          class="t-indexes-anchor__header"
        >
          B
        </div>
      </div>
    </div>
    <div>
      <!--v-if-->
      <div
        class="t-cell-group t-cell-group--default"
      >
        
        
        <div
          class="t-cell t-cell--middle"
        >
          <div
            class="t-cell__left"
          >
            <!--v-if-->
            <!---->
          </div>
          <div
            class="t-cell__title"
          >
            北京
            <!--v-if-->
            <!--v-if-->
          </div>
          <!--v-if-->
          <!--v-if-->
        </div>
        <div
          class="t-cell t-cell--middle"
        >
          <div
            class="t-cell__left"
          >
            <!--v-if-->
            <!---->
          </div>
          <div
            class="t-cell__title"
          >
            白银
            <!--v-if-->
            <!--v-if-->
          </div>
          <!--v-if-->
          <!--v-if-->
        </div>
        <div
          class="t-cell t-cell--middle"
        >
          <div
            class="t-cell__left"
          >
            <!--v-if-->
            <!---->
          </div>
          <div
            class="t-cell__title"
          >
            保定
            <!--v-if-->
            <!--v-if-->
          </div>
          <!--v-if-->
          <!--v-if-->
        </div>
        <div
          class="t-cell t-cell--middle"
        >
          <div
            class="t-cell__left"
          >
            <!--v-if-->
            <!---->
          </div>
          <div
            class="t-cell__title"
          >
            宝鸡
            <!--v-if-->
            <!--v-if-->
          </div>
          <!--v-if-->
          <!--v-if-->
        </div>
        <div
          class="t-cell t-cell--middle"
        >
          <div
            class="t-cell__left"
          >
            <!--v-if-->
            <!---->
          </div>
          <div
            class="t-cell__title"
          >
            保山
            <!--v-if-->
            <!--v-if-->
          </div>
          <!--v-if-->
          <!--v-if-->
        </div>
        <div
          class="t-cell t-cell--middle"
        >
          <div
            class="t-cell__left"
          >
            <!--v-if-->
            <!---->
          </div>
          <div
            class="t-cell__title"
          >
            包头
            <!--v-if-->
            <!--v-if-->
          </div>
          <!--v-if-->
          <!--v-if-->
        </div>
        <div
          class="t-cell t-cell--middle"
        >
          <div
            class="t-cell__left"
          >
            <!--v-if-->
            <!---->
          </div>
          <div
            class="t-cell__title"
          >
            巴中
            <!--v-if-->
            <!--v-if-->
          </div>
          <!--v-if-->
          <!--v-if-->
        </div>
        <div
          class="t-cell t-cell--middle"
        >
          <div
            class="t-cell__left"
          >
            <!--v-if-->
            <!---->
          </div>
          <div
            class="t-cell__title"
          >
            北海
            <!--v-if-->
            <!--v-if-->
          </div>
          <!--v-if-->
          <!--v-if-->
        </div>
        <div
          class="t-cell t-cell--middle"
        >
          <div
            class="t-cell__left"
          >
            <!--v-if-->
            <!---->
          </div>
          <div
            class="t-cell__title"
          >
            蚌埠
            <!--v-if-->
            <!--v-if-->
          </div>
          <!--v-if-->
          <!--v-if-->
        </div>
        <div
          class="t-cell t-cell--middle"
        >
          <div
            class="t-cell__left"
          >
            <!--v-if-->
            <!---->
          </div>
          <div
            class="t-cell__title"
          >
            本溪
            <!--v-if-->
            <!--v-if-->
          </div>
          <!--v-if-->
          <!--v-if-->
        </div>
        <div
          class="t-cell t-cell--middle"
        >
          <div
            class="t-cell__left"
          >
            <!--v-if-->
            <!---->
          </div>
          <div
            class="t-cell__title"
          >
            毕节
            <!--v-if-->
            <!--v-if-->
          </div>
          <!--v-if-->
          <!--v-if-->
        </div>
        <div
          class="t-cell t-cell--middle"
        >
          <div
            class="t-cell__left"
          >
            <!--v-if-->
            <!---->
          </div>
          <div
            class="t-cell__title"
          >
            滨州
            <!--v-if-->
            <!--v-if-->
          </div>
          <!--v-if-->
          <!--v-if-->
        </div>
        <div
          class="t-cell t-cell--middle"
        >
          <div
            class="t-cell__left"
          >
            <!--v-if-->
            <!---->
          </div>
          <div
            class="t-cell__title"
          >
            百色
            <!--v-if-->
            <!--v-if-->
          </div>
          <!--v-if-->
          <!--v-if-->
        </div>
        <div
          class="t-cell t-cell--middle"
        >
          <div
            class="t-cell__left"
          >
            <!--v-if-->
            <!---->
          </div>
          <div
            class="t-cell__title"
          >
            亳州
            <!--v-if-->
            <!--v-if-->
          </div>
          <!--v-if-->
          <!--v-if-->
        </div>
        
        
      </div>
    </div>
    
    
    <div
      class="t-indexes-anchor"
      data-index="C"
    >
      <div
        class="t-indexes-anchor__wrapper"
      >
        <div
          class="t-indexes-anchor__slot"
        >
          
          
        </div>
        <div
          class="t-indexes-anchor__header"
        >
          C
        </div>
      </div>
    </div>
    <div>
      <!--v-if-->
      <div
        class="t-cell-group t-cell-group--default"
      >
        
        
        <div
          class="t-cell t-cell--middle"
        >
          <div
            class="t-cell__left"
          >
            <!--v-if-->
            <!---->
          </div>
          <div
            class="t-cell__title"
          >
            重庆
            <!--v-if-->
            <!--v-if-->
          </div>
          <!--v-if-->
          <!--v-if-->
        </div>
        <div
          class="t-cell t-cell--middle"
        >
          <div
            class="t-cell__left"
          >
            <!--v-if-->
            <!---->
          </div>
          <div
            class="t-cell__title"
          >
            成都
            <!--v-if-->
            <!--v-if-->
          </div>
          <!--v-if-->
          <!--v-if-->
        </div>
        <div
          class="t-cell t-cell--middle"
        >
          <div
            class="t-cell__left"
          >
            <!--v-if-->
            <!---->
          </div>
          <div
            class="t-cell__title"
          >
            长沙
            <!--v-if-->
            <!--v-if-->
          </div>
          <!--v-if-->
          <!--v-if-->
        </div>
        <div
          class="t-cell t-cell--middle"
        >
          <div
            class="t-cell__left"
          >
            <!--v-if-->
            <!---->
          </div>
          <div
            class="t-cell__title"
          >
            长春
            <!--v-if-->
            <!--v-if-->
          </div>
          <!--v-if-->
          <!--v-if-->
        </div>
        <div
          class="t-cell t-cell--middle"
        >
          <div
            class="t-cell__left"
          >
            <!--v-if-->
            <!---->
          </div>
          <div
            class="t-cell__title"
          >
            沧州
            <!--v-if-->
            <!--v-if-->
          </div>
          <!--v-if-->
          <!--v-if-->
        </div>
        <div
          class="t-cell t-cell--middle"
        >
          <div
            class="t-cell__left"
          >
            <!--v-if-->
            <!---->
          </div>
          <div
            class="t-cell__title"
          >
            常德
            <!--v-if-->
            <!--v-if-->
          </div>
          <!--v-if-->
          <!--v-if-->
        </div>
        <div
          class="t-cell t-cell--middle"
        >
          <div
            class="t-cell__left"
          >
            <!--v-if-->
            <!---->
          </div>
          <div
            class="t-cell__title"
          >
            昌都
            <!--v-if-->
            <!--v-if-->
          </div>
          <!--v-if-->
          <!--v-if-->
        </div>
        <div
          class="t-cell t-cell--middle"
        >
          <div
            class="t-cell__left"
          >
            <!--v-if-->
            <!---->
          </div>
          <div
            class="t-cell__title"
          >
            长治
            <!--v-if-->
            <!--v-if-->
          </div>
          <!--v-if-->
          <!--v-if-->
        </div>
        <div
          class="t-cell t-cell--middle"
        >
          <div
            class="t-cell__left"
          >
            <!--v-if-->
            <!---->
          </div>
          <div
            class="t-cell__title"
          >
            常州
            <!--v-if-->
            <!--v-if-->
          </div>
          <!--v-if-->
          <!--v-if-->
        </div>
        <div
          class="t-cell t-cell--middle"
        >
          <div
            class="t-cell__left"
          >
            <!--v-if-->
            <!---->
          </div>
          <div
            class="t-cell__title"
          >
            巢湖
            <!--v-if-->
            <!--v-if-->
          </div>
          <!--v-if-->
          <!--v-if-->
        </div>
        <div
          class="t-cell t-cell--middle"
        >
          <div
            class="t-cell__left"
          >
            <!--v-if-->
            <!---->
          </div>
          <div
            class="t-cell__title"
          >
            潮州
            <!--v-if-->
            <!--v-if-->
          </div>
          <!--v-if-->
          <!--v-if-->
        </div>
        <div
          class="t-cell t-cell--middle"
        >
          <div
            class="t-cell__left"
          >
            <!--v-if-->
            <!---->
          </div>
          <div
            class="t-cell__title"
          >
            承德
            <!--v-if-->
            <!--v-if-->
          </div>
          <!--v-if-->
          <!--v-if-->
        </div>
        <div
          class="t-cell t-cell--middle"
        >
          <div
            class="t-cell__left"
          >
            <!--v-if-->
            <!---->
          </div>
          <div
            class="t-cell__title"
          >
            郴州
            <!--v-if-->
            <!--v-if-->
          </div>
          <!--v-if-->
          <!--v-if-->
        </div>
        <div
          class="t-cell t-cell--middle"
        >
          <div
            class="t-cell__left"
          >
            <!--v-if-->
            <!---->
          </div>
          <div
            class="t-cell__title"
          >
            赤峰
            <!--v-if-->
            <!--v-if-->
          </div>
          <!--v-if-->
          <!--v-if-->
        </div>
        <div
          class="t-cell t-cell--middle"
        >
          <div
            class="t-cell__left"
          >
            <!--v-if-->
            <!---->
          </div>
          <div
            class="t-cell__title"
          >
            池州
            <!--v-if-->
            <!--v-if-->
          </div>
          <!--v-if-->
          <!--v-if-->
        </div>
        <div
          class="t-cell t-cell--middle"
        >
          <div
            class="t-cell__left"
          >
            <!--v-if-->
            <!---->
          </div>
          <div
            class="t-cell__title"
          >
            崇左
            <!--v-if-->
            <!--v-if-->
          </div>
          <!--v-if-->
          <!--v-if-->
        </div>
        <div
          class="t-cell t-cell--middle"
        >
          <div
            class="t-cell__left"
          >
            <!--v-if-->
            <!---->
          </div>
          <div
            class="t-cell__title"
          >
            楚雄
            <!--v-if-->
            <!--v-if-->
          </div>
          <!--v-if-->
          <!--v-if-->
        </div>
        <div
          class="t-cell t-cell--middle"
        >
          <div
            class="t-cell__left"
          >
            <!--v-if-->
            <!---->
          </div>
          <div
            class="t-cell__title"
          >
            滁州
            <!--v-if-->
            <!--v-if-->
          </div>
          <!--v-if-->
          <!--v-if-->
        </div>
        <div
          class="t-cell t-cell--middle"
        >
          <div
            class="t-cell__left"
          >
            <!--v-if-->
            <!---->
          </div>
          <div
            class="t-cell__title"
          >
            朝阳
            <!--v-if-->
            <!--v-if-->
          </div>
          <!--v-if-->
          <!--v-if-->
        </div>
        
        
      </div>
    </div>
    
    
    <div
      class="t-indexes-anchor"
      data-index="D"
    >
      <div
        class="t-indexes-anchor__wrapper"
      >
        <div
          class="t-indexes-anchor__slot"
        >
          
          
        </div>
        <div
          class="t-indexes-anchor__header"
        >
          D
        </div>
      </div>
    </div>
    <div>
      <!--v-if-->
      <div
        class="t-cell-group t-cell-group--default"
      >
        
        
        <div
          class="t-cell t-cell--middle"
        >
          <div
            class="t-cell__left"
          >
            <!--v-if-->
            <!---->
          </div>
          <div
            class="t-cell__title"
          >
            大连
            <!--v-if-->
            <!--v-if-->
          </div>
          <!--v-if-->
          <!--v-if-->
        </div>
        <div
          class="t-cell t-cell--middle"
        >
          <div
            class="t-cell__left"
          >
            <!--v-if-->
            <!---->
          </div>
          <div
            class="t-cell__title"
          >
            东莞
            <!--v-if-->
            <!--v-if-->
          </div>
          <!--v-if-->
          <!--v-if-->
        </div>
        <div
          class="t-cell t-cell--middle"
        >
          <div
            class="t-cell__left"
          >
            <!--v-if-->
            <!---->
          </div>
          <div
            class="t-cell__title"
          >
            大理
            <!--v-if-->
            <!--v-if-->
          </div>
          <!--v-if-->
          <!--v-if-->
        </div>
        <div
          class="t-cell t-cell--middle"
        >
          <div
            class="t-cell__left"
          >
            <!--v-if-->
            <!---->
          </div>
          <div
            class="t-cell__title"
          >
            丹东
            <!--v-if-->
            <!--v-if-->
          </div>
          <!--v-if-->
          <!--v-if-->
        </div>
        <div
          class="t-cell t-cell--middle"
        >
          <div
            class="t-cell__left"
          >
            <!--v-if-->
            <!---->
          </div>
          <div
            class="t-cell__title"
          >
            大庆
            <!--v-if-->
            <!--v-if-->
          </div>
          <!--v-if-->
          <!--v-if-->
        </div>
        <div
          class="t-cell t-cell--middle"
        >
          <div
            class="t-cell__left"
          >
            <!--v-if-->
            <!---->
          </div>
          <div
            class="t-cell__title"
          >
            大同
            <!--v-if-->
            <!--v-if-->
          </div>
          <!--v-if-->
          <!--v-if-->
        </div>
        <div
          class="t-cell t-cell--middle"
        >
          <div
            class="t-cell__left"
          >
            <!--v-if-->
            <!---->
          </div>
          <div
            class="t-cell__title"
          >
            大兴安岭
            <!--v-if-->
            <!--v-if-->
          </div>
          <!--v-if-->
          <!--v-if-->
        </div>
        <div
          class="t-cell t-cell--middle"
        >
          <div
            class="t-cell__left"
          >
            <!--v-if-->
            <!---->
          </div>
          <div
            class="t-cell__title"
          >
            德宏
            <!--v-if-->
            <!--v-if-->
          </div>
          <!--v-if-->
          <!--v-if-->
        </div>
        <div
          class="t-cell t-cell--middle"
        >
          <div
            class="t-cell__left"
          >
            <!--v-if-->
            <!---->
          </div>
          <div
            class="t-cell__title"
          >
            德阳
            <!--v-if-->
            <!--v-if-->
          </div>
          <!--v-if-->
          <!--v-if-->
        </div>
        <div
          class="t-cell t-cell--middle"
        >
          <div
            class="t-cell__left"
          >
            <!--v-if-->
            <!---->
          </div>
          <div
            class="t-cell__title"
          >
            德州
            <!--v-if-->
            <!--v-if-->
          </div>
          <!--v-if-->
          <!--v-if-->
        </div>
        <div
          class="t-cell t-cell--middle"
        >
          <div
            class="t-cell__left"
          >
            <!--v-if-->
            <!---->
          </div>
          <div
            class="t-cell__title"
          >
            定西
            <!--v-if-->
            <!--v-if-->
          </div>
          <!--v-if-->
          <!--v-if-->
        </div>
        <div
          class="t-cell t-cell--middle"
        >
          <div
            class="t-cell__left"
          >
            <!--v-if-->
            <!---->
          </div>
          <div
            class="t-cell__title"
          >
            迪庆
            <!--v-if-->
            <!--v-if-->
          </div>
          <!--v-if-->
          <!--v-if-->
        </div>
        <div
          class="t-cell t-cell--middle"
        >
          <div
            class="t-cell__left"
          >
            <!--v-if-->
            <!---->
          </div>
          <div
            class="t-cell__title"
          >
            东营
            <!--v-if-->
            <!--v-if-->
          </div>
          <!--v-if-->
          <!--v-if-->
        </div>
        
        
      </div>
    </div>
    
    
    <div
      class="t-indexes-anchor"
      data-index="E"
    >
      <div
        class="t-indexes-anchor__wrapper"
      >
        <div
          class="t-indexes-anchor__slot"
        >
          
          
        </div>
        <div
          class="t-indexes-anchor__header"
        >
          E
        </div>
      </div>
    </div>
    <div>
      <!--v-if-->
      <div
        class="t-cell-group t-cell-group--default"
      >
        
        
        <div
          class="t-cell t-cell--middle"
        >
          <div
            class="t-cell__left"
          >
            <!--v-if-->
            <!---->
          </div>
          <div
            class="t-cell__title"
          >
            鄂尔多斯
            <!--v-if-->
            <!--v-if-->
          </div>
          <!--v-if-->
          <!--v-if-->
        </div>
        <div
          class="t-cell t-cell--middle"
        >
          <div
            class="t-cell__left"
          >
            <!--v-if-->
            <!---->
          </div>
          <div
            class="t-cell__title"
          >
            恩施
            <!--v-if-->
            <!--v-if-->
          </div>
          <!--v-if-->
          <!--v-if-->
        </div>
        <div
          class="t-cell t-cell--middle"
        >
          <div
            class="t-cell__left"
          >
            <!--v-if-->
            <!---->
          </div>
          <div
            class="t-cell__title"
          >
            鄂州
            <!--v-if-->
            <!--v-if-->
          </div>
          <!--v-if-->
          <!--v-if-->
        </div>
        
        
      </div>
    </div>
    
    
    <div
      class="t-indexes-anchor"
      data-index="F"
    >
      <div
        class="t-indexes-anchor__wrapper"
      >
        <div
          class="t-indexes-anchor__slot"
        >
          
          
        </div>
        <div
          class="t-indexes-anchor__header"
        >
          F
        </div>
      </div>
    </div>
    <div>
      <!--v-if-->
      <div
        class="t-cell-group t-cell-group--default"
      >
        
        
        <div
          class="t-cell t-cell--middle"
        >
          <div
            class="t-cell__left"
          >
            <!--v-if-->
            <!---->
          </div>
          <div
            class="t-cell__title"
          >
            福州
            <!--v-if-->
            <!--v-if-->
          </div>
          <!--v-if-->
          <!--v-if-->
        </div>
        <div
          class="t-cell t-cell--middle"
        >
          <div
            class="t-cell__left"
          >
            <!--v-if-->
            <!---->
          </div>
          <div
            class="t-cell__title"
          >
            防城港
            <!--v-if-->
            <!--v-if-->
          </div>
          <!--v-if-->
          <!--v-if-->
        </div>
        <div
          class="t-cell t-cell--middle"
        >
          <div
            class="t-cell__left"
          >
            <!--v-if-->
            <!---->
          </div>
          <div
            class="t-cell__title"
          >
            佛山
            <!--v-if-->
            <!--v-if-->
          </div>
          <!--v-if-->
          <!--v-if-->
        </div>
        <div
          class="t-cell t-cell--middle"
        >
          <div
            class="t-cell__left"
          >
            <!--v-if-->
            <!---->
          </div>
          <div
            class="t-cell__title"
          >
            抚顺
            <!--v-if-->
            <!--v-if-->
          </div>
          <!--v-if-->
          <!--v-if-->
        </div>
        <div
          class="t-cell t-cell--middle"
        >
          <div
            class="t-cell__left"
          >
            <!--v-if-->
            <!---->
          </div>
          <div
            class="t-cell__title"
          >
            抚州
            <!--v-if-->
            <!--v-if-->
          </div>
          <!--v-if-->
          <!--v-if-->
        </div>
        <div
          class="t-cell t-cell--middle"
        >
          <div
            class="t-cell__left"
          >
            <!--v-if-->
            <!---->
          </div>
          <div
            class="t-cell__title"
          >
            阜新
            <!--v-if-->
            <!--v-if-->
          </div>
          <!--v-if-->
          <!--v-if-->
        </div>
        <div
          class="t-cell t-cell--middle"
        >
          <div
            class="t-cell__left"
          >
            <!--v-if-->
            <!---->
          </div>
          <div
            class="t-cell__title"
          >
            阜阳
            <!--v-if-->
            <!--v-if-->
          </div>
          <!--v-if-->
          <!--v-if-->
        </div>
        
        
      </div>
    </div>
    
    
    <div
      class="t-indexes-anchor"
      data-index="G"
    >
      <div
        class="t-indexes-anchor__wrapper"
      >
        <div
          class="t-indexes-anchor__slot"
        >
          
          
        </div>
        <div
          class="t-indexes-anchor__header"
        >
          G
        </div>
      </div>
    </div>
    <div>
      <!--v-if-->
      <div
        class="t-cell-group t-cell-group--default"
      >
        
        
        <div
          class="t-cell t-cell--middle"
        >
          <div
            class="t-cell__left"
          >
            <!--v-if-->
            <!---->
          </div>
          <div
            class="t-cell__title"
          >
            广州
            <!--v-if-->
            <!--v-if-->
          </div>
          <!--v-if-->
          <!--v-if-->
        </div>
        <div
          class="t-cell t-cell--middle"
        >
          <div
            class="t-cell__left"
          >
            <!--v-if-->
            <!---->
          </div>
          <div
            class="t-cell__title"
          >
            桂林
            <!--v-if-->
            <!--v-if-->
          </div>
          <!--v-if-->
          <!--v-if-->
        </div>
        <div
          class="t-cell t-cell--middle"
        >
          <div
            class="t-cell__left"
          >
            <!--v-if-->
            <!---->
          </div>
          <div
            class="t-cell__title"
          >
            贵阳
            <!--v-if-->
            <!--v-if-->
          </div>
          <!--v-if-->
          <!--v-if-->
        </div>
        <div
          class="t-cell t-cell--middle"
        >
          <div
            class="t-cell__left"
          >
            <!--v-if-->
            <!---->
          </div>
          <div
            class="t-cell__title"
          >
            甘南
            <!--v-if-->
            <!--v-if-->
          </div>
          <!--v-if-->
          <!--v-if-->
        </div>
        <div
          class="t-cell t-cell--middle"
        >
          <div
            class="t-cell__left"
          >
            <!--v-if-->
            <!---->
          </div>
          <div
            class="t-cell__title"
          >
            赣州
            <!--v-if-->
            <!--v-if-->
          </div>
          <!--v-if-->
          <!--v-if-->
        </div>
        <div
          class="t-cell t-cell--middle"
        >
          <div
            class="t-cell__left"
          >
            <!--v-if-->
            <!---->
          </div>
          <div
            class="t-cell__title"
          >
            甘孜
            <!--v-if-->
            <!--v-if-->
          </div>
          <!--v-if-->
          <!--v-if-->
        </div>
        <div
          class="t-cell t-cell--middle"
        >
          <div
            class="t-cell__left"
          >
            <!--v-if-->
            <!---->
          </div>
          <div
            class="t-cell__title"
          >
            广安
            <!--v-if-->
            <!--v-if-->
          </div>
          <!--v-if-->
          <!--v-if-->
        </div>
        <div
          class="t-cell t-cell--middle"
        >
          <div
            class="t-cell__left"
          >
            <!--v-if-->
            <!---->
          </div>
          <div
            class="t-cell__title"
          >
            广元
            <!--v-if-->
            <!--v-if-->
          </div>
          <!--v-if-->
          <!--v-if-->
        </div>
        <div
          class="t-cell t-cell--middle"
        >
          <div
            class="t-cell__left"
          >
            <!--v-if-->
            <!---->
          </div>
          <div
            class="t-cell__title"
          >
            贵港
            <!--v-if-->
            <!--v-if-->
          </div>
          <!--v-if-->
          <!--v-if-->
        </div>
        <div
          class="t-cell t-cell--middle"
        >
          <div
            class="t-cell__left"
          >
            <!--v-if-->
            <!---->
          </div>
          <div
            class="t-cell__title"
          >
            果洛
            <!--v-if-->
            <!--v-if-->
          </div>
          <!--v-if-->
          <!--v-if-->
        </div>
        
        
      </div>
    </div>
    
    
    <div
      class="t-indexes-anchor"
      data-index="J"
    >
      <div
        class="t-indexes-anchor__wrapper"
      >
        <div
          class="t-indexes-anchor__slot"
        >
          
          
        </div>
        <div
          class="t-indexes-anchor__header"
        >
          J
        </div>
      </div>
    </div>
    <div>
      <!--v-if-->
      <div
        class="t-cell-group t-cell-group--default"
      >
        
        
        <div
          class="t-cell t-cell--middle"
        >
          <div
            class="t-cell__left"
          >
            <!--v-if-->
            <!---->
          </div>
          <div
            class="t-cell__title"
          >
            揭阳
            <!--v-if-->
            <!--v-if-->
          </div>
          <!--v-if-->
          <!--v-if-->
        </div>
        <div
          class="t-cell t-cell--middle"
        >
          <div
            class="t-cell__left"
          >
            <!--v-if-->
            <!---->
          </div>
          <div
            class="t-cell__title"
          >
            吉林
            <!--v-if-->
            <!--v-if-->
          </div>
          <!--v-if-->
          <!--v-if-->
        </div>
        <div
          class="t-cell t-cell--middle"
        >
          <div
            class="t-cell__left"
          >
            <!--v-if-->
            <!---->
          </div>
          <div
            class="t-cell__title"
          >
            晋江
            <!--v-if-->
            <!--v-if-->
          </div>
          <!--v-if-->
          <!--v-if-->
        </div>
        <div
          class="t-cell t-cell--middle"
        >
          <div
            class="t-cell__left"
          >
            <!--v-if-->
            <!---->
          </div>
          <div
            class="t-cell__title"
          >
            吉安
            <!--v-if-->
            <!--v-if-->
          </div>
          <!--v-if-->
          <!--v-if-->
        </div>
        <div
          class="t-cell t-cell--middle"
        >
          <div
            class="t-cell__left"
          >
            <!--v-if-->
            <!---->
          </div>
          <div
            class="t-cell__title"
          >
            胶州
            <!--v-if-->
            <!--v-if-->
          </div>
          <!--v-if-->
          <!--v-if-->
        </div>
        <div
          class="t-cell t-cell--middle"
        >
          <div
            class="t-cell__left"
          >
            <!--v-if-->
            <!---->
          </div>
          <div
            class="t-cell__title"
          >
            嘉兴
            <!--v-if-->
            <!--v-if-->
          </div>
          <!--v-if-->
          <!--v-if-->
        </div>
        <div
          class="t-cell t-cell--middle"
        >
          <div
            class="t-cell__left"
          >
            <!--v-if-->
            <!---->
          </div>
          <div
            class="t-cell__title"
          >
            济南
            <!--v-if-->
            <!--v-if-->
          </div>
          <!--v-if-->
          <!--v-if-->
        </div>
        <div
          class="t-cell t-cell--middle"
        >
          <div
            class="t-cell__left"
          >
            <!--v-if-->
            <!---->
          </div>
          <div
            class="t-cell__title"
          >
            鸡西
            <!--v-if-->
            <!--v-if-->
          </div>
          <!--v-if-->
          <!--v-if-->
        </div>
        <div
          class="t-cell t-cell--middle"
        >
          <div
            class="t-cell__left"
          >
            <!--v-if-->
            <!---->
          </div>
          <div
            class="t-cell__title"
          >
            荆州
            <!--v-if-->
            <!--v-if-->
          </div>
          <!--v-if-->
          <!--v-if-->
        </div>
        <div
          class="t-cell t-cell--middle"
        >
          <div
            class="t-cell__left"
          >
            <!--v-if-->
            <!---->
          </div>
          <div
            class="t-cell__title"
          >
            江门
            <!--v-if-->
            <!--v-if-->
          </div>
          <!--v-if-->
          <!--v-if-->
        </div>
        <div
          class="t-cell t-cell--middle"
        >
          <div
            class="t-cell__left"
          >
            <!--v-if-->
            <!---->
          </div>
          <div
            class="t-cell__title"
          >
            基隆
            <!--v-if-->
            <!--v-if-->
          </div>
          <!--v-if-->
          <!--v-if-->
        </div>
        
        
      </div>
    </div>
    
    
    <div
      class="t-indexes-anchor"
      data-index="K"
    >
      <div
        class="t-indexes-anchor__wrapper"
      >
        <div
          class="t-indexes-anchor__slot"
        >
          
          
        </div>
        <div
          class="t-indexes-anchor__header"
        >
          K
        </div>
      </div>
    </div>
    <div>
      <!--v-if-->
      <div
        class="t-cell-group t-cell-group--default"
      >
        
        
        <div
          class="t-cell t-cell--middle"
        >
          <div
            class="t-cell__left"
          >
            <!--v-if-->
            <!---->
          </div>
          <div
            class="t-cell__title"
          >
            昆明
            <!--v-if-->
            <!--v-if-->
          </div>
          <!--v-if-->
          <!--v-if-->
        </div>
        <div
          class="t-cell t-cell--middle"
        >
          <div
            class="t-cell__left"
          >
            <!--v-if-->
            <!---->
          </div>
          <div
            class="t-cell__title"
          >
            开封
            <!--v-if-->
            <!--v-if-->
          </div>
          <!--v-if-->
          <!--v-if-->
        </div>
        <div
          class="t-cell t-cell--middle"
        >
          <div
            class="t-cell__left"
          >
            <!--v-if-->
            <!---->
          </div>
          <div
            class="t-cell__title"
          >
            康定
            <!--v-if-->
            <!--v-if-->
          </div>
          <!--v-if-->
          <!--v-if-->
        </div>
        <div
          class="t-cell t-cell--middle"
        >
          <div
            class="t-cell__left"
          >
            <!--v-if-->
            <!---->
          </div>
          <div
            class="t-cell__title"
          >
            喀什
            <!--v-if-->
            <!--v-if-->
          </div>
          <!--v-if-->
          <!--v-if-->
        </div>
        
        
      </div>
    </div>
    
    
    
  </div>
</div>
`;

exports[`Indexes > Indexes customVue demo works fine 1`] = `
<div
  class="component-wrap"
>
  <div
    class="t-indexes"
  >
    <div
      class="t-indexes__sidebar"
    >
      
      <div
        class="t-indexes__sidebar-item"
        data-index="1"
      >
        1 
        <!--v-if-->
      </div>
      <div
        class="t-indexes__sidebar-item"
        data-index="3"
      >
        3 
        <!--v-if-->
      </div>
      <div
        class="t-indexes__sidebar-item"
        data-index="5"
      >
        5 
        <!--v-if-->
      </div>
      <div
        class="t-indexes__sidebar-item"
        data-index="7"
      >
        7 
        <!--v-if-->
      </div>
      <div
        class="t-indexes__sidebar-item"
        data-index="8"
      >
        8 
        <!--v-if-->
      </div>
      <div
        class="t-indexes__sidebar-item"
        data-index="10"
      >
        10 
        <!--v-if-->
      </div>
      <div
        class="t-indexes__sidebar-item"
        data-index="#"
      >
        # 
        <!--v-if-->
      </div>
      
    </div>
    
    
    
    <div
      class="t-indexes-anchor"
      data-index="1"
    >
      <div
        class="t-indexes-anchor__wrapper"
      >
        <div
          class="t-indexes-anchor__slot"
        >
          
          <div
            class="capsule"
          >
            1
          </div>
          
        </div>
        <div
          class="t-indexes-anchor__header"
        >
          1
        </div>
      </div>
    </div>
    <div>
      <!--v-if-->
      <div
        class="t-cell-group t-cell-group--default"
      >
        
        
        <div
          class="t-cell t-cell--middle"
        >
          <div
            class="t-cell__left"
          >
            <!--v-if-->
            <!---->
          </div>
          <div
            class="t-cell__title"
          >
            列表内容
            <!--v-if-->
            <!--v-if-->
          </div>
          <!--v-if-->
          <!--v-if-->
        </div>
        <div
          class="t-cell t-cell--middle"
        >
          <div
            class="t-cell__left"
          >
            <!--v-if-->
            <!---->
          </div>
          <div
            class="t-cell__title"
          >
            列表内容
            <!--v-if-->
            <!--v-if-->
          </div>
          <!--v-if-->
          <!--v-if-->
        </div>
        <div
          class="t-cell t-cell--middle"
        >
          <div
            class="t-cell__left"
          >
            <!--v-if-->
            <!---->
          </div>
          <div
            class="t-cell__title"
          >
            列表内容
            <!--v-if-->
            <!--v-if-->
          </div>
          <!--v-if-->
          <!--v-if-->
        </div>
        <div
          class="t-cell t-cell--middle"
        >
          <div
            class="t-cell__left"
          >
            <!--v-if-->
            <!---->
          </div>
          <div
            class="t-cell__title"
          >
            列表内容
            <!--v-if-->
            <!--v-if-->
          </div>
          <!--v-if-->
          <!--v-if-->
        </div>
        <div
          class="t-cell t-cell--middle"
        >
          <div
            class="t-cell__left"
          >
            <!--v-if-->
            <!---->
          </div>
          <div
            class="t-cell__title"
          >
            列表内容
            <!--v-if-->
            <!--v-if-->
          </div>
          <!--v-if-->
          <!--v-if-->
        </div>
        
        
      </div>
    </div>
    
    
    <div
      class="t-indexes-anchor"
      data-index="3"
    >
      <div
        class="t-indexes-anchor__wrapper"
      >
        <div
          class="t-indexes-anchor__slot"
        >
          
          <div
            class="capsule"
          >
            3
          </div>
          
        </div>
        <div
          class="t-indexes-anchor__header"
        >
          3
        </div>
      </div>
    </div>
    <div>
      <!--v-if-->
      <div
        class="t-cell-group t-cell-group--default"
      >
        
        
        <div
          class="t-cell t-cell--middle"
        >
          <div
            class="t-cell__left"
          >
            <!--v-if-->
            <!---->
          </div>
          <div
            class="t-cell__title"
          >
            列表内容
            <!--v-if-->
            <!--v-if-->
          </div>
          <!--v-if-->
          <!--v-if-->
        </div>
        <div
          class="t-cell t-cell--middle"
        >
          <div
            class="t-cell__left"
          >
            <!--v-if-->
            <!---->
          </div>
          <div
            class="t-cell__title"
          >
            列表内容
            <!--v-if-->
            <!--v-if-->
          </div>
          <!--v-if-->
          <!--v-if-->
        </div>
        <div
          class="t-cell t-cell--middle"
        >
          <div
            class="t-cell__left"
          >
            <!--v-if-->
            <!---->
          </div>
          <div
            class="t-cell__title"
          >
            列表内容
            <!--v-if-->
            <!--v-if-->
          </div>
          <!--v-if-->
          <!--v-if-->
        </div>
        <div
          class="t-cell t-cell--middle"
        >
          <div
            class="t-cell__left"
          >
            <!--v-if-->
            <!---->
          </div>
          <div
            class="t-cell__title"
          >
            列表内容
            <!--v-if-->
            <!--v-if-->
          </div>
          <!--v-if-->
          <!--v-if-->
        </div>
        <div
          class="t-cell t-cell--middle"
        >
          <div
            class="t-cell__left"
          >
            <!--v-if-->
            <!---->
          </div>
          <div
            class="t-cell__title"
          >
            列表内容
            <!--v-if-->
            <!--v-if-->
          </div>
          <!--v-if-->
          <!--v-if-->
        </div>
        
        
      </div>
    </div>
    
    
    <div
      class="t-indexes-anchor"
      data-index="5"
    >
      <div
        class="t-indexes-anchor__wrapper"
      >
        <div
          class="t-indexes-anchor__slot"
        >
          
          <div
            class="capsule"
          >
            5
          </div>
          
        </div>
        <div
          class="t-indexes-anchor__header"
        >
          5
        </div>
      </div>
    </div>
    <div>
      <!--v-if-->
      <div
        class="t-cell-group t-cell-group--default"
      >
        
        
        <div
          class="t-cell t-cell--middle"
        >
          <div
            class="t-cell__left"
          >
            <!--v-if-->
            <!---->
          </div>
          <div
            class="t-cell__title"
          >
            列表内容
            <!--v-if-->
            <!--v-if-->
          </div>
          <!--v-if-->
          <!--v-if-->
        </div>
        <div
          class="t-cell t-cell--middle"
        >
          <div
            class="t-cell__left"
          >
            <!--v-if-->
            <!---->
          </div>
          <div
            class="t-cell__title"
          >
            列表内容
            <!--v-if-->
            <!--v-if-->
          </div>
          <!--v-if-->
          <!--v-if-->
        </div>
        <div
          class="t-cell t-cell--middle"
        >
          <div
            class="t-cell__left"
          >
            <!--v-if-->
            <!---->
          </div>
          <div
            class="t-cell__title"
          >
            列表内容
            <!--v-if-->
            <!--v-if-->
          </div>
          <!--v-if-->
          <!--v-if-->
        </div>
        <div
          class="t-cell t-cell--middle"
        >
          <div
            class="t-cell__left"
          >
            <!--v-if-->
            <!---->
          </div>
          <div
            class="t-cell__title"
          >
            列表内容
            <!--v-if-->
            <!--v-if-->
          </div>
          <!--v-if-->
          <!--v-if-->
        </div>
        <div
          class="t-cell t-cell--middle"
        >
          <div
            class="t-cell__left"
          >
            <!--v-if-->
            <!---->
          </div>
          <div
            class="t-cell__title"
          >
            列表内容
            <!--v-if-->
            <!--v-if-->
          </div>
          <!--v-if-->
          <!--v-if-->
        </div>
        
        
      </div>
    </div>
    
    
    <div
      class="t-indexes-anchor"
      data-index="7"
    >
      <div
        class="t-indexes-anchor__wrapper"
      >
        <div
          class="t-indexes-anchor__slot"
        >
          
          <div
            class="capsule"
          >
            7
          </div>
          
        </div>
        <div
          class="t-indexes-anchor__header"
        >
          7
        </div>
      </div>
    </div>
    <div>
      <!--v-if-->
      <div
        class="t-cell-group t-cell-group--default"
      >
        
        
        <div
          class="t-cell t-cell--middle"
        >
          <div
            class="t-cell__left"
          >
            <!--v-if-->
            <!---->
          </div>
          <div
            class="t-cell__title"
          >
            列表内容
            <!--v-if-->
            <!--v-if-->
          </div>
          <!--v-if-->
          <!--v-if-->
        </div>
        <div
          class="t-cell t-cell--middle"
        >
          <div
            class="t-cell__left"
          >
            <!--v-if-->
            <!---->
          </div>
          <div
            class="t-cell__title"
          >
            列表内容
            <!--v-if-->
            <!--v-if-->
          </div>
          <!--v-if-->
          <!--v-if-->
        </div>
        <div
          class="t-cell t-cell--middle"
        >
          <div
            class="t-cell__left"
          >
            <!--v-if-->
            <!---->
          </div>
          <div
            class="t-cell__title"
          >
            列表内容
            <!--v-if-->
            <!--v-if-->
          </div>
          <!--v-if-->
          <!--v-if-->
        </div>
        <div
          class="t-cell t-cell--middle"
        >
          <div
            class="t-cell__left"
          >
            <!--v-if-->
            <!---->
          </div>
          <div
            class="t-cell__title"
          >
            列表内容
            <!--v-if-->
            <!--v-if-->
          </div>
          <!--v-if-->
          <!--v-if-->
        </div>
        <div
          class="t-cell t-cell--middle"
        >
          <div
            class="t-cell__left"
          >
            <!--v-if-->
            <!---->
          </div>
          <div
            class="t-cell__title"
          >
            列表内容
            <!--v-if-->
            <!--v-if-->
          </div>
          <!--v-if-->
          <!--v-if-->
        </div>
        
        
      </div>
    </div>
    
    
    <div
      class="t-indexes-anchor"
      data-index="8"
    >
      <div
        class="t-indexes-anchor__wrapper"
      >
        <div
          class="t-indexes-anchor__slot"
        >
          
          <div
            class="capsule"
          >
            8
          </div>
          
        </div>
        <div
          class="t-indexes-anchor__header"
        >
          8
        </div>
      </div>
    </div>
    <div>
      <!--v-if-->
      <div
        class="t-cell-group t-cell-group--default"
      >
        
        
        <div
          class="t-cell t-cell--middle"
        >
          <div
            class="t-cell__left"
          >
            <!--v-if-->
            <!---->
          </div>
          <div
            class="t-cell__title"
          >
            列表内容
            <!--v-if-->
            <!--v-if-->
          </div>
          <!--v-if-->
          <!--v-if-->
        </div>
        <div
          class="t-cell t-cell--middle"
        >
          <div
            class="t-cell__left"
          >
            <!--v-if-->
            <!---->
          </div>
          <div
            class="t-cell__title"
          >
            列表内容
            <!--v-if-->
            <!--v-if-->
          </div>
          <!--v-if-->
          <!--v-if-->
        </div>
        <div
          class="t-cell t-cell--middle"
        >
          <div
            class="t-cell__left"
          >
            <!--v-if-->
            <!---->
          </div>
          <div
            class="t-cell__title"
          >
            列表内容
            <!--v-if-->
            <!--v-if-->
          </div>
          <!--v-if-->
          <!--v-if-->
        </div>
        <div
          class="t-cell t-cell--middle"
        >
          <div
            class="t-cell__left"
          >
            <!--v-if-->
            <!---->
          </div>
          <div
            class="t-cell__title"
          >
            列表内容
            <!--v-if-->
            <!--v-if-->
          </div>
          <!--v-if-->
          <!--v-if-->
        </div>
        <div
          class="t-cell t-cell--middle"
        >
          <div
            class="t-cell__left"
          >
            <!--v-if-->
            <!---->
          </div>
          <div
            class="t-cell__title"
          >
            列表内容
            <!--v-if-->
            <!--v-if-->
          </div>
          <!--v-if-->
          <!--v-if-->
        </div>
        
        
      </div>
    </div>
    
    
    <div
      class="t-indexes-anchor"
      data-index="10"
    >
      <div
        class="t-indexes-anchor__wrapper"
      >
        <div
          class="t-indexes-anchor__slot"
        >
          
          <div
            class="capsule"
          >
            10
          </div>
          
        </div>
        <div
          class="t-indexes-anchor__header"
        >
          10
        </div>
      </div>
    </div>
    <div>
      <!--v-if-->
      <div
        class="t-cell-group t-cell-group--default"
      >
        
        
        <div
          class="t-cell t-cell--middle"
        >
          <div
            class="t-cell__left"
          >
            <!--v-if-->
            <!---->
          </div>
          <div
            class="t-cell__title"
          >
            列表内容
            <!--v-if-->
            <!--v-if-->
          </div>
          <!--v-if-->
          <!--v-if-->
        </div>
        <div
          class="t-cell t-cell--middle"
        >
          <div
            class="t-cell__left"
          >
            <!--v-if-->
            <!---->
          </div>
          <div
            class="t-cell__title"
          >
            列表内容
            <!--v-if-->
            <!--v-if-->
          </div>
          <!--v-if-->
          <!--v-if-->
        </div>
        <div
          class="t-cell t-cell--middle"
        >
          <div
            class="t-cell__left"
          >
            <!--v-if-->
            <!---->
          </div>
          <div
            class="t-cell__title"
          >
            列表内容
            <!--v-if-->
            <!--v-if-->
          </div>
          <!--v-if-->
          <!--v-if-->
        </div>
        <div
          class="t-cell t-cell--middle"
        >
          <div
            class="t-cell__left"
          >
            <!--v-if-->
            <!---->
          </div>
          <div
            class="t-cell__title"
          >
            列表内容
            <!--v-if-->
            <!--v-if-->
          </div>
          <!--v-if-->
          <!--v-if-->
        </div>
        <div
          class="t-cell t-cell--middle"
        >
          <div
            class="t-cell__left"
          >
            <!--v-if-->
            <!---->
          </div>
          <div
            class="t-cell__title"
          >
            列表内容
            <!--v-if-->
            <!--v-if-->
          </div>
          <!--v-if-->
          <!--v-if-->
        </div>
        
        
      </div>
    </div>
    
    
    <div
      class="t-indexes-anchor"
      data-index="#"
    >
      <div
        class="t-indexes-anchor__wrapper"
      >
        <div
          class="t-indexes-anchor__slot"
        >
          
          <div
            class="capsule"
          >
            #
          </div>
          
        </div>
        <div
          class="t-indexes-anchor__header"
        >
          #
        </div>
      </div>
    </div>
    <div>
      <!--v-if-->
      <div
        class="t-cell-group t-cell-group--default"
      >
        
        
        <div
          class="t-cell t-cell--middle"
        >
          <div
            class="t-cell__left"
          >
            <!--v-if-->
            <!---->
          </div>
          <div
            class="t-cell__title"
          >
            列表内容
            <!--v-if-->
            <!--v-if-->
          </div>
          <!--v-if-->
          <!--v-if-->
        </div>
        <div
          class="t-cell t-cell--middle"
        >
          <div
            class="t-cell__left"
          >
            <!--v-if-->
            <!---->
          </div>
          <div
            class="t-cell__title"
          >
            列表内容
            <!--v-if-->
            <!--v-if-->
          </div>
          <!--v-if-->
          <!--v-if-->
        </div>
        <div
          class="t-cell t-cell--middle"
        >
          <div
            class="t-cell__left"
          >
            <!--v-if-->
            <!---->
          </div>
          <div
            class="t-cell__title"
          >
            列表内容
            <!--v-if-->
            <!--v-if-->
          </div>
          <!--v-if-->
          <!--v-if-->
        </div>
        <div
          class="t-cell t-cell--middle"
        >
          <div
            class="t-cell__left"
          >
            <!--v-if-->
            <!---->
          </div>
          <div
            class="t-cell__title"
          >
            列表内容
            <!--v-if-->
            <!--v-if-->
          </div>
          <!--v-if-->
          <!--v-if-->
        </div>
        <div
          class="t-cell t-cell--middle"
        >
          <div
            class="t-cell__left"
          >
            <!--v-if-->
            <!---->
          </div>
          <div
            class="t-cell__title"
          >
            列表内容
            <!--v-if-->
            <!--v-if-->
          </div>
          <!--v-if-->
          <!--v-if-->
        </div>
        
        
      </div>
    </div>
    
    
    
  </div>
</div>
`;

exports[`Indexes > Indexes mobileVue demo works fine 1`] = `
<div
  class="tdesign-mobile-demo"
>
  <h1
    class="title"
  >
    Indexes 索引
  </h1>
  <p
    class="summary"
  >
    用于页面中信息快速检索，可以根据目录中的页码快速找到所需的内容。
  </p>
  <div
    class="tdesign-mobile-demo-block"
  >
    <div
      class="tdesign-mobile-demo-block__header"
    >
      <h2
        class="tdesign-mobile-demo-block__title"
      >
        01 组件类型
      </h2>
      <p
        class="tdesign-mobile-demo-block__summary"
      >
        基础索引类型
      </p>
    </div>
    <div
      class="tdesign-mobile-demo-block__slot"
    >
      
      <div
        class="indexes-demo"
      >
        <button
          aria-disabled="false"
          class="t-button t-button--size-large t-button--outline t-button--primary t-button--rectangle t-button--block"
          role="button"
          type="button"
        >
          <!---->
          <span
            class="t-button__content"
          >
            
             基础用法 
            
          </span>
          <!---->
        </button>
      </div>
      
    </div>
  </div>
  <div
    class="tdesign-mobile-demo-block"
  >
    <div
      class="tdesign-mobile-demo-block__header"
    >
      <h2
        class="tdesign-mobile-demo-block__title"
      >
        02 组件样式
      </h2>
      <p
        class="tdesign-mobile-demo-block__summary"
      >
        其他索引类型
      </p>
    </div>
    <div
      class="tdesign-mobile-demo-block__slot"
    >
      
      <div
        class="indexes-demo"
      >
        <button
          aria-disabled="false"
          class="t-button t-button--size-large t-button--outline t-button--primary t-button--rectangle t-button--block"
          role="button"
          type="button"
        >
          <!---->
          <span
            class="t-button__content"
          >
            
             胶囊索引 
            
          </span>
          <!---->
        </button>
      </div>
      
    </div>
  </div>
</div>
`;
